
> PancitoDeVidaApp@1.0.0 build:android
> cd android && gradlew assembleRelease && cd ..

Starting a Gradle Daemon, 1 busy and 1 incompatible and 2 stopped Daemons could not be reused, use --status for details
